
[TestAddCertificateMetadata/Chainguard_Cosign_release - 1]
map[string]string{"Fulcio Build Config Digest":"e1dcdf70be326a494295754622fe34631600531a", "Fulcio Build Config URI":"https://github.com/chainguard-images/images/.github/workflows/release.yaml@refs/heads/main", "Fulcio Build Signer Digest":"e1dcdf70be326a494295754622fe34631600531a", "Fulcio Build Signer URI":"https://github.com/chainguard-images/images/.github/workflows/release.yaml@refs/heads/main", "Fulcio Build Trigger":"push", "Fulcio GitHub Workflow Name":".github/workflows/release.yaml", "Fulcio GitHub Workflow Ref":"refs/heads/main", "Fulcio GitHub Workflow Repository":"chainguard-images/images", "Fulcio GitHub Workflow SHA":"e1dcdf70be326a494295754622fe34631600531a", "Fulcio GitHub Workflow Trigger":"push", "Fulcio Issuer":"https://token.actions.githubusercontent.com", "Fulcio Issuer (V2)":"https://token.actions.githubusercontent.com", "Fulcio Run Invocation URI":"https://github.com/chainguard-images/images/actions/runs/5195507636/attempts/1", "Fulcio Runner Environment":"github-hosted", "Fulcio Source Repository Digest":"e1dcdf70be326a494295754622fe34631600531a", "Fulcio Source Repository Identifier":"563510952", "Fulcio Source Repository Owner Identifier":"113198545", "Fulcio Source Repository Owner URI":"https://github.com/chainguard-images", "Fulcio Source Repository Ref":"refs/heads/main", "Fulcio Source Repository URI":"https://github.com/chainguard-images/images", "Issuer":"CN=sigstore-intermediate,O=sigstore.dev", "Not After":"2023-06-07T03:24:12Z", "Not Before":"2023-06-07T03:14:12Z", "Serial Number":"76d420c77323e80dd3d17ece87c6d2d673400531", "Subject Alternative Name":"URIs:https://github.com/chainguard-images/images/.github/workflows/release.yaml@refs/heads/main"}
---

[TestAddCertificateMetadata/OtherName_SAN - 1]
map[string]string{"Issuer":"CN=foobar-intermediate,O=foobar.dev", "Not After":"2040-01-01T00:00:00Z", "Not Before":"1990-01-01T00:00:00Z", "Serial Number":"477169d26b83752becff7510e2b5fc064fa454a", "Subject Alternative Name":"URIs:http://foobar.dev; OtherName:FOO"}
---
